python : C:\Users\Kaleshwar\AppData\Loca
l\Programs\Python\Python314\Lib\site-pac
kages\torchvision\models\_utils.py:208: 
UserWarning: The parameter 'pretrained' 
is deprecated since 0.13 and may be 
removed in the future, please use 
'weights' instead.
At line:1 char:1
+ python test_model.py > 
test_output.txt 2>&1
+ ~~~~~~~~~~~~~~~~~~~~~~~~~~~~~~~~~~~~~~
~~~~~
    + CategoryInfo          : NotSpecif 
   ied: (C:\Users\Kalesh...ights' inst  
  ead.:String) [], RemoteException
    + FullyQualifiedErrorId : NativeCom 
   mandError
 
  warnings.warn(
C:\Users\Kaleshwar\AppData\Local\Program
s\Python\Python314\Lib\site-packages\tor
chvision\models\_utils.py:223: 
UserWarning: Arguments other than a 
weight enum or `None` for 'weights' are 
deprecated since 0.13 and may be 
removed in the future. The current 
behavior is equivalent to passing `weigh
ts=ResNet18_Weights.IMAGENET1K_V1`. You 
can also use 
`weights=ResNet18_Weights.DEFAULT` to 
get the most up-to-date weights.
  warnings.warn(msg)
Creating test images...
Loading predictor with model_checkpoints/best_model.pth...

--- Testing with test_samples/clear.jpg ---
DEBUG: Inferencing file 'clear.jpg'
Risk: High
Confidence: 0.84
Recommendation: Close post-operative monitoring advised

--- Testing with test_samples/blurry.jpg ---
DEBUG: Inferencing file 'blurry.jpg'
Risk: High
Confidence: 0.86
Recommendation: Close post-operative monitoring advised
